// Jest Snapshot v1, https://goo.gl/fbAQLP

exports[`Default Graph 1`] = `
<div
  style={Object {}}
>
  <div
    style={Object {}}
  />
</div>
`;
