// Jest Snapshot v1, https://goo.gl/fbAQLP

exports[`Default Charts 1`] = `
<div
  className=""
  style={Object {}}
/>
`;
